[pod/stackrun-pr-27exw-run-tests-pod/step-run-tests] 
[pod/stackrun-pr-27exw-run-tests-pod/step-run-tests] ####################################################
[pod/stackrun-pr-27exw-run-tests-pod/step-run-tests]   PHASE 1: E2E test through entry point (demo-fe)
[pod/stackrun-pr-27exw-run-tests-pod/step-run-tests] ####################################################
[pod/stackrun-pr-27exw-run-tests-pod/step-run-tests] 
[pod/stackrun-pr-27exw-run-tests-pod/step-run-tests]   Chain:           demo-fe release-lifecycle-demo demo-api
[pod/stackrun-pr-27exw-run-tests-pod/step-run-tests] 
[pod/stackrun-pr-27exw-run-tests-pod/step-run-tests]   Intercepted:     demo-fe
[pod/stackrun-pr-27exw-run-tests-pod/step-run-tests]   Header:          x-dev-session=pr-903
[pod/stackrun-pr-27exw-run-tests-pod/step-run-tests] 
[pod/stackrun-pr-27exw-run-tests-pod/step-run-tests]   Entry URL: http://demo-fe.staging.svc.cluster.local:80
[pod/stackrun-pr-27exw-run-tests-pod/step-run-tests] 
[pod/stackrun-pr-27exw-run-tests-pod/step-run-tests]   Response:
[pod/stackrun-pr-27exw-run-tests-pod/step-run-tests]   <!DOCTYPE html>
[pod/stackrun-pr-27exw-run-tests-pod/step-run-tests] <html lang="en">
[pod/stackrun-pr-27exw-run-tests-pod/step-run-tests] <head>
[pod/stackrun-pr-27exw-run-tests-pod/step-run-tests]   <meta charset="UTF-8" />
[pod/stackrun-pr-27exw-run-tests-pod/step-run-tests]   <meta name="viewport" content="width=device-width, initial-scale=1.0" />
[pod/stackrun-pr-27exw-run-tests-pod/step-run-tests]   <title>tekton-dag-vue-fe</title>
[pod/stackrun-pr-27exw-run-tests-pod/step-run-tests]   <script type="module" crossorigin src="/assets/index-D3hpJZIT.js"></script>
[pod/stackrun-pr-27exw-run-tests-pod/step-run-tests]   <link rel="stylesheet" crossorigin href="/assets/index-pL5GxHwD.css">
[pod/stackrun-pr-27exw-run-tests-pod/step-run-tests] </head>
[pod/stackrun-pr-27exw-run-tests-pod/step-run-tests] <body>
[pod/stackrun-pr-27exw-run-tests-pod/step-run-tests]   <div id="app"></div>
[pod/stackrun-pr-27exw-run-tests-pod/step-run-tests] </body>
[pod/stackrun-pr-27exw-run-tests-pod/step-run-tests] </html>
[pod/stackrun-pr-27exw-run-tests-pod/step-run-tests] 
[pod/stackrun-pr-27exw-run-tests-pod/step-run-tests]   HOP 1 (demo-fe) [INTERCEPTED → PR build]: NOT CONFIRMED
[pod/stackrun-pr-27exw-run-tests-pod/step-run-tests]   HOP 2 (release-lifecycle-demo): NOT CONFIRMED
[pod/stackrun-pr-27exw-run-tests-pod/step-run-tests]   HOP 3 (demo-api): NOT CONFIRMED
[pod/stackrun-pr-27exw-run-tests-pod/step-run-tests] 
[pod/stackrun-pr-27exw-run-tests-pod/step-run-tests]   E2E: PASS
[pod/stackrun-pr-27exw-run-tests-pod/step-run-tests] 
[pod/stackrun-pr-27exw-run-tests-pod/step-run-tests] ####################################################
[pod/stackrun-pr-27exw-run-tests-pod/step-run-tests]   PHASE 2: Per-app tests
[pod/stackrun-pr-27exw-run-tests-pod/step-run-tests] ####################################################
[pod/stackrun-pr-27exw-run-tests-pod/step-run-tests] 
[pod/stackrun-pr-27exw-run-tests-pod/step-run-tests]   Skipping demo-fe (already tested in e2e phase)
[pod/stackrun-pr-27exw-run-tests-pod/step-run-tests] 
[pod/stackrun-pr-27exw-run-tests-pod/step-run-tests] =========================================
[pod/stackrun-pr-27exw-run-tests-pod/step-run-tests]   Testing: release-lifecycle-demo
[pod/stackrun-pr-27exw-run-tests-pod/step-run-tests]   (normal cluster deployment)
[pod/stackrun-pr-27exw-run-tests-pod/step-run-tests] =========================================
[pod/stackrun-pr-27exw-run-tests-pod/step-run-tests]   [postman] Collection not found: tests/postman/bff-tests.json (skipping)
[pod/stackrun-pr-27exw-run-tests-pod/step-run-tests] 
[pod/stackrun-pr-27exw-run-tests-pod/step-run-tests] =========================================
[pod/stackrun-pr-27exw-run-tests-pod/step-run-tests]   Testing: demo-api
[pod/stackrun-pr-27exw-run-tests-pod/step-run-tests]   (normal cluster deployment)
[pod/stackrun-pr-27exw-run-tests-pod/step-run-tests] =========================================
[pod/stackrun-pr-27exw-run-tests-pod/step-run-tests]   [postman] Collection not found: tests/postman/api-tests.json (skipping)
[pod/stackrun-pr-27exw-run-tests-pod/step-run-tests] 
[pod/stackrun-pr-27exw-run-tests-pod/step-run-tests] =========================================
[pod/stackrun-pr-27exw-run-tests-pod/step-run-tests]   Test Summary
[pod/stackrun-pr-27exw-run-tests-pod/step-run-tests] =========================================
[pod/stackrun-pr-27exw-run-tests-pod/step-run-tests] {
[pod/stackrun-pr-27exw-run-tests-pod/step-run-tests]   "e2e-entry-point": "pass",
[pod/stackrun-pr-27exw-run-tests-pod/step-run-tests]   "release-lifecycle-demo": "pass",
[pod/stackrun-pr-27exw-run-tests-pod/step-run-tests]   "demo-api": "pass"
[pod/stackrun-pr-27exw-run-tests-pod/step-run-tests] }
[pod/stackrun-pr-27exw-run-tests-pod/step-run-tests] {
[pod/stackrun-pr-27exw-run-tests-pod/step-run-tests]   "e2e-entry-point": "pass",
[pod/stackrun-pr-27exw-run-tests-pod/step-run-tests]   "release-lifecycle-demo": "pass",
[pod/stackrun-pr-27exw-run-tests-pod/step-run-tests]   "demo-api": "pass"
[pod/stackrun-pr-27exw-run-tests-pod/step-run-tests] }
[pod/stackrun-pr-27exw-run-tests-pod/prepare] 2026/09/28 03:17:38 Entrypoint initialization
[pod/stackrun-pr-27exw-run-tests-pod/place-scripts] 2026/09/28 03:17:39 Decoded script /tekton/scripts/script-0-x9mpl
